==============================================================================
crystal_c6_trajectory -- why a C6-correct seed leaves the C6 sector (wigner_vmc 0.1.0)
==============================================================================
  mode             layers 1-2 -- the trajectory
  budget           quick   (clean-package (NOT converged, NOT comparable to published numbers))
  N                36   nk = 36
  r_s              90   kappa = 63.63961031
  n_max            1   n_bands = 2
  len(theta)       77
  SR               30 x 40 sweeps   (equil 13, snap 2)
  E resolution     n = 14 snapshots/step -> E_err is a LOWER bound (autocorrelation ignored; consecutive rows share the walker)
  S walk           every 1 step(s), 400 sweeps (equil 150), its OWN rng
  raw rng seeds    [0, 1, 2]   (index 0 = the budget's own rng_seed)
  gate             c6_residual <= 0.1;  bragg >= 3x liquid;  contrast >= 2
  BLAS threads     pinned: OMP_NUM_THREADS=1, OPENBLAS_NUM_THREADS=1, MKL_NUM_THREADS=1
  results          results\phase_competition_2\c6_trajectory
==============================================================================
  C6 is NOT an order parameter: v = 0 (the filled LLL) is invariant under
  every rotation, so the liquid reads ~3e-14.  Stage A first asks whether
  the state is still a CRYSTAL; only then does C6 mean symmetry.
==============================================================================
  bragg set        6 first-shell vectors
  background set   120 momenta

  LAYER 1 -- is the seed C6-correct at THIS operating point?
    corrected Gaussian seed     c6 = 3.032e-14   nbar = 0.3500
    second context (nsp=2000, seed=20261004)   c6 = 3.039e-14
    conjugating the overlap     c6 = 5.944e-01   nbar = 0.3500   <- the negative control (separation 1.96e+13)
    columns x(1+.5i), per-rotation max |d c6| = 3.259e-18   <- the gauge-invariance control
    -> OK: the seed IS C6-covariant here: 3.032e-14 at r_s = 90, n_max = 1 (the pinned corner is r_s = 75, n_max = 2, so this is measured rather than inherited); the conjugated-overlap control reads 5.944e-01 -- a separation of 2.0e+13; a second context agrees to the same order; the residual is invariant under a column rescaling to 3.3e-18

    SR   0  E/ne =  -43.38092 +- 0.16368   acc 0.690   |f| 2.409e+01   tau 2.00e-02
    SR   1  E/ne =  -44.53214 +- 0.08545   acc 0.652   |f| 9.726e+00   tau 1.67e-02
    SR   2  E/ne =  -45.11015 +- 0.06320   acc 0.669   |f| 6.598e+00   tau 1.43e-02
    SR   3  E/ne =  -45.34752 +- 0.11691   acc 0.624   |f| 2.681e+01   tau 1.25e-02
    SR   4  E/ne =  -45.50993 +- 0.07948   acc 0.606   |f| 1.116e+01   tau 1.11e-02
    SR   5  E/ne =  -45.45983 +- 0.05290   acc 0.589   |f| 6.410e+00   tau 1.00e-02
    SR   6  E/ne =  -45.50604 +- 0.07889   acc 0.556   |f| 1.236e+01   tau 9.09e-03
    SR   7  E/ne =  -45.51323 +- 0.07045   acc 0.551   |f| 8.829e+00   tau 8.33e-03
    SR   8  E/ne =  -45.60837 +- 0.06080   acc 0.517   |f| 9.937e+00   tau 7.69e-03
    SR   9  E/ne =  -45.54232 +- 0.06250   acc 0.497   |f| 7.635e+00   tau 7.14e-03
  liquid null      bragg = 1.1091   contrast = 0.9495   c6 = 2.56e-14   [36s]

      S walk [traj:0]   19.4s   bragg  6.789   ctr  3.91   c6 -44.728818+-0.104727
      S walk [traj:0]   19.3s   bragg  6.119   ctr  3.58   c6 -45.222220+-0.077348
      S walk [traj:0]   19.2s   bragg  8.257   ctr  4.19   c6 -45.478273+-0.057020
      S walk [traj:0]   19.2s   bragg  9.237   ctr  4.97   c6 -45.700224+-0.028930
      S walk [traj:0]   19.1s   bragg  7.829   ctr  4.60   c6 -45.661836+-0.036995
      S walk [traj:0]   19.0s   bragg  9.537   ctr  5.33   c6 -45.780857+-0.030389
      S walk [traj:0]   19.2s   bragg  8.827   ctr  4.50   c6 -45.795516+-0.037429
      S walk [traj:0]   19.1s   bragg  8.450   ctr  4.55   c6 -45.720562+-0.027437
      S walk [traj:0]   19.2s   bragg  8.072   ctr  4.53   c6 -45.784211+-0.018854
      S walk [traj:0]   19.6s   bragg  8.668   ctr  4.68   c6 -45.813808+-0.022235
      S walk [traj:0]   19.2s   bragg  8.323   ctr  4.66   c6 -45.747824+-0.024718
      S walk [traj:0]   19.4s   bragg  7.047   ctr  4.16   c6 -45.779294+-0.023346
      S walk [traj:0]   19.1s   bragg  7.660   ctr  4.27   c6 -45.775274+-0.028826
      S walk [traj:0]   19.0s   bragg  9.524   ctr  5.34   c6 -45.825680+-0.012663
      S walk [traj:0]   19.6s   bragg  8.208   ctr  4.69   c6 -45.788871+-0.028684
      S walk [traj:0]   19.6s   bragg  8.195   ctr  4.83   c6 -45.749066+-0.040906
      S walk [traj:0]   19.3s   bragg  8.418   ctr  4.61   c6 -45.829958+-0.015882
      S walk [traj:0]   19.3s   bragg  9.816   ctr  5.38   c6 -45.826785+-0.035453
      S walk [traj:0]   19.1s   bragg 10.144   ctr  5.11   c6 -45.856992+-0.018883
      S walk [traj:0]   19.1s   bragg 10.540   ctr  5.04   c6 -45.808272+-0.019413
      S walk [traj:0]   19.1s   bragg  9.211   ctr  5.08   c6 -45.801733+-0.026201
      S walk [traj:0]   19.1s   bragg  9.086   ctr  5.06   c6 -45.831589+-0.009733
      S walk [traj:0]   19.2s   bragg  9.388   ctr  5.42   c6 -45.777073+-0.041168
      S walk [traj:0]   19.1s   bragg  8.417   ctr  5.00   c6 -45.773212+-0.040469
      S walk [traj:0]   19.3s   bragg  9.039   ctr  4.98   c6 -45.794934+-0.026017
      S walk [traj:0]   19.1s   bragg  9.610   ctr  4.95   c6 -45.828530+-0.017716
      S walk [traj:0]   19.2s   bragg  9.223   ctr  5.62   c6 -45.817023+-0.016109
      S walk [traj:0]   19.4s   bragg  8.760   ctr  5.12   c6 -45.779516+-0.031533
      S walk [traj:0]   19.1s   bragg  8.762   ctr  4.83   c6 -45.751537+-0.052028
      S walk [traj:0]   19.0s   bragg  9.972   ctr  5.45   c6 -45.823326+-0.011255
      S walk [traj:0]   18.6s   bragg  9.479   ctr  5.30   c6 -45.827110+-0.017487

  arm joint  tag traj  idx 0  rng_seed 0  [647s]
    c6: 3.032e-14 -> 1.475e-01 (first update) -> 3.359e-01 (closing)

    rows (joint, traj, idx 0)
       t   C6        nbar   E/ne       +-        |f|      |dv|    S(G1)  S(G2)  S(G3)  bragg    ctr   reg(g1)     id     E_walk+-   tau   n
       0  3.03e-14  0.350 -44.237685  0.161851 37.44162         6.135  5.975  6.412  6.7886  3.911 -0.025378 -0.047   -44.7288  6.193  250  
       1  1.47e-01  0.375 -45.252231  0.084923 12.41501  0.632  6.434  5.730  5.684  6.1192  3.585 +0.109791 -0.013   -45.2222  6.359  250  
       2  1.68e-01  0.363 -45.240181  0.088728 17.07603  0.331  7.736  6.635  8.178  8.2571  4.194 +0.043542 -0.021   -45.4783  6.253  250  
       3  1.86e-01  0.371 -45.478729  0.089136 16.60215  0.472  8.497  8.164  8.848  9.2369  4.970 -0.006998 -0.035   -45.7002  3.085  250  
       4  1.92e-01  0.370 -45.793451  0.033602  2.12677  0.353  7.549  7.194  8.030  7.8291  4.601 -0.042520 -0.046   -45.6618  5.186  250  
       5  2.03e-01  0.362 -45.756620  0.042347  3.65069  0.364  9.455  8.563  8.653  9.5367  5.327 -0.013598 -0.029   -45.7809  5.195  250  
       6  2.20e-01  0.380 -45.868959  0.028441  2.52609  0.442  8.367  7.983  8.170  8.8270  4.498 -0.066220 -0.045   -45.7955  6.988  250  
       7  2.16e-01  0.385 -45.864172  0.034817  4.29344  0.301  8.204  7.464  8.082  8.4499  4.551 +0.017722 -0.007   -45.7206  4.939  250  
       8  2.35e-01  0.391 -45.754494  0.045845  6.81656  0.311  8.254  7.882  7.249  8.0725  4.534 -0.070502 -0.017   -45.7842  3.404  250  
       9  2.42e-01  0.386 -45.820844  0.030614  1.33257  0.136  9.278  7.240  7.739  8.6684  4.679 -0.089117 -0.039   -45.8138  5.426  250  
      10  2.62e-01  0.383 -45.825324  0.029728  3.92817  0.405  8.534  7.598  7.462  8.3227  4.657 -0.034856 -0.064   -45.7478  5.632  250  
      11  2.70e-01  0.372 -45.739496  0.042133  4.81940  0.265  7.427  6.968  6.490  7.0474  4.156 -0.166059  0.005   -45.7793  7.140  250  
      12  2.76e-01  0.375 -45.854751  0.021900  2.24879  0.319  8.355  6.953  7.195  7.6596  4.274 -0.097624 -0.095   -45.7753  7.230  250  
      13  2.70e-01  0.388 -45.810976  0.039183  5.78522  0.190  9.481  8.346  8.616  9.5243  5.337 -0.043623 -0.049   -45.8257  2.693  250  
      14  2.73e-01  0.384 -45.812031  0.024415  3.08880  0.202  8.781  7.233  7.446  8.2085  4.689 -0.053971 -0.013   -45.7889 10.781  250  
      15  2.80e-01  0.383 -45.727866  0.041532  5.38031  0.202  7.668  7.711  8.316  8.1948  4.833 +0.024125 -0.036   -45.7491 11.676  250  
      16  2.96e-01  0.388 -45.629605  0.034670  2.58763  0.449  7.772  8.769  7.672  8.4176  4.611 -0.138367 -0.037   -45.8300  4.371  250  
      17  3.10e-01  0.397 -45.740021  0.043520  5.23490  0.268  9.520  9.166  9.040  9.8160  5.382 -0.096618 -0.027   -45.8268 13.004  250  
      18  3.16e-01  0.404 -45.787276  0.038440  4.15470  0.395  9.802  8.525  9.336 10.1445  5.110 -0.024041 -0.094   -45.8570  6.580  250  
      19  3.25e-01  0.396 -45.589050  0.041106  3.82696  0.318  9.561  8.739  9.181 10.5397  5.044 -0.072730 -0.085   -45.8083  3.792  250  
      20  3.33e-01  0.399 -45.772795  0.024815  1.70770  0.331  9.184  8.515  8.388  9.2112  5.083 -0.143271 -0.039   -45.8017  7.442  250  
      21  3.21e-01  0.399 -45.744954  0.049503  3.38288  0.251  8.677  8.468  8.049  9.0862  5.064 -0.133144 -0.044   -45.8316  2.198  250  
      22  3.39e-01  0.406 -45.777859  0.028659  2.01960  0.485  9.189  8.606  8.591  9.3876  5.417 -0.094760 -0.032   -45.7771 16.723  250  
      23  3.38e-01  0.412 -45.537715  0.036153  5.75515  0.176  8.939  7.926  7.215  8.4169  5.000 -0.127955 -0.032   -45.7732 11.010  250  
      24  3.42e-01  0.413 -45.624865  0.027755  2.08599  0.167  9.154  8.212  7.836  9.0387  4.980 -0.023896  0.047   -45.7949  8.059  250  
      25  3.42e-01  0.410 -45.479942  0.039271  4.46453  0.146  9.871  8.470  7.981  9.6101  4.955 -0.072363 -0.021   -45.8285  4.513  250  
      26  3.39e-01  0.412 -45.473172  0.036603  3.21158  0.096  9.412  8.750  8.521  9.2229  5.621 -0.059292 -0.058   -45.8170  4.175  250  
      27  3.36e-01  0.412 -45.597891  0.038745  3.76514  0.191  8.926  8.372  8.017  8.7603  5.125 -0.076962 -0.028   -45.7795  8.784  250  
      28  3.36e-01  0.407 -45.804292  0.028917  0.57547  0.158  9.084  7.108  8.023  8.7616  4.834 -0.053945 -0.069   -45.7515 20.965  250  
      29  3.30e-01  0.415 -45.667583  0.060692 15.10791  0.284  9.136  9.189  9.010  9.9719  5.455 -0.013418 -0.078   -45.8233  2.677  250  
      30  3.36e-01  0.419        --        --           0.214  9.154  9.000  8.825  9.4793  5.303 -0.084352 -0.042   -45.8271  6.556  250  closing

  measured 21.6 s/SR-step (first job, 30 steps); 2 arm(s) to go

      S walk [traj:1]   19.4s   bragg  7.798   ctr  3.98   c6 -45.269351+-0.069024
      S walk [traj:1]   19.3s   bragg  8.025   ctr  4.62   c6 -45.499571+-0.050743
      S walk [traj:1]   19.3s   bragg  8.983   ctr  4.96   c6 -45.589870+-0.074865
      S walk [traj:1]   19.4s   bragg  8.269   ctr  4.96   c6 -45.680503+-0.029534
      S walk [traj:1]   19.7s   bragg  8.775   ctr  5.25   c6 -45.734513+-0.037668
      S walk [traj:1]   19.3s   bragg  8.789   ctr  4.86   c6 -45.800595+-0.026776
      S walk [traj:1]   19.7s   bragg  8.400   ctr  4.74   c6 -45.717734+-0.050521
      S walk [traj:1]   19.9s   bragg  8.258   ctr  4.68   c6 -45.793408+-0.028964
      S walk [traj:1]   19.6s   bragg  9.991   ctr  5.31   c6 -45.804682+-0.013051
      S walk [traj:1]   19.0s   bragg 10.288   ctr  5.55   c6 -45.854537+-0.013737
      S walk [traj:1]   19.6s   bragg  8.564   ctr  4.51   c6 -45.752205+-0.034068
      S walk [traj:1]   19.5s   bragg  9.919   ctr  5.14   c6 -45.830112+-0.017536
      S walk [traj:1]   19.5s   bragg  9.574   ctr  5.54   c6 -45.787220+-0.025510
      S walk [traj:1]   19.4s   bragg  8.578   ctr  5.05   c6 -45.753428+-0.039219
      S walk [traj:1]   19.5s   bragg 10.298   ctr  5.64   c6 -45.834195+-0.015654
      S walk [traj:1]   19.3s   bragg  8.902   ctr  5.02   c6 -45.793280+-0.025761
      S walk [traj:1]   19.8s   bragg 10.470   ctr  5.43   c6 -45.820926+-0.024849
      S walk [traj:1]   19.6s   bragg 10.317   ctr  5.55   c6 -45.841595+-0.012760
      S walk [traj:1]   19.7s   bragg 10.439   ctr  5.05   c6 -45.847452+-0.011479
      S walk [traj:1]   19.8s   bragg 10.478   ctr  5.58   c6 -45.837429+-0.019306
      S walk [traj:1]   19.3s   bragg  9.252   ctr  4.87   c6 -45.803452+-0.022467
      S walk [traj:1]   19.1s   bragg 10.870   ctr  5.55   c6 -45.832154+-0.014191
      S walk [traj:1]   19.8s   bragg  8.473   ctr  4.95   c6 -45.749477+-0.032041
      S walk [traj:1]   19.5s   bragg  8.956   ctr  4.81   c6 -45.758949+-0.037685
      S walk [traj:1]   20.8s   bragg  8.618   ctr  4.70   c6 -45.679338+-0.032234
      S walk [traj:1]   23.9s   bragg 10.544   ctr  5.36   c6 -45.837483+-0.017515
      S walk [traj:1]   73.1s   bragg  8.515   ctr  4.91   c6 -45.754350+-0.054730
      S walk [traj:1]   93.6s   bragg  9.378   ctr  5.10   c6 -45.758863+-0.037034
      S walk [traj:1]   89.0s   bragg  8.615   ctr  4.64   c6 -45.746577+-0.034140
      S walk [traj:1]   88.0s   bragg 10.502   ctr  5.72   c6 -45.824786+-0.014981

  arm joint  tag traj  idx 1  rng_seed 1  [907s]
    c6: 3.032e-14 -> 1.292e-01 (first update) -> 3.087e-01 (closing)

    rows (joint, traj, idx 1)
       t   C6        nbar   E/ne       +-        |f|      |dv|    S(G1)  S(G2)  S(G3)  bragg    ctr   reg(g1)     id     E_walk+-   tau   n
       0  3.03e-14  0.350 -45.152965  0.117778 20.60013         6.135  5.975  6.412  6.7886  3.911 -0.025378 -0.047   -44.7288  6.193  250  
       1  1.29e-01  0.369 -44.352374  0.131428 26.99259  0.592  7.048  6.711  7.117  7.7982  3.977 -0.055119 -0.041   -45.2694  4.788  250  
       2  1.41e-01  0.360 -44.461626  0.107123 20.17480  0.367  7.919  7.176  7.871  8.0247  4.618 +0.079640  0.027   -45.4996  4.676  250  
       3  1.45e-01  0.362 -45.318301  0.080016 11.26826  0.238  8.697  8.136  7.979  8.9830  4.955 -0.047444  0.010   -45.5899 12.170  250  
       4  1.92e-01  0.366 -45.824893  0.053395  6.91088  0.432  8.057  8.279  7.364  8.2692  4.955 -0.073400  0.007   -45.6805  3.567  250  
       5  1.92e-01  0.375 -45.788540  0.040824  4.28027  0.341  8.784  7.932  8.093  8.7753  5.250 -0.212169 -0.050   -45.7345  6.512  250  
       6  2.01e-01  0.375 -45.743151  0.048823  3.83695  0.300  8.607  7.905  8.441  8.7890  4.864 -0.119017 -0.068   -45.8006  5.189  250  
       7  2.13e-01  0.365 -45.744731  0.038069  3.44702  0.325  8.115  7.685  8.141  8.3996  4.742 -0.113297 -0.066   -45.7177 14.935  250  
       8  2.30e-01  0.368 -45.867039  0.041727  4.92843  0.295  8.473  7.971  7.485  8.2583  4.682 -0.049822 -0.009   -45.7934  5.830  250  
       9  2.39e-01  0.386 -45.778320  0.037747  3.52876  0.467  9.356  8.898  8.672  9.9914  5.312 -0.128443 -0.041   -45.8047  2.638  250  
      10  2.39e-01  0.375 -45.749127  0.039640  2.73742  0.259  9.305  9.289  9.557 10.2877  5.546 -0.052902 -0.017   -45.8545  3.703  250  
      11  2.48e-01  0.364 -45.726942  0.044626  4.53325  0.361  8.110  8.017  7.803  8.5643  4.512 -0.279280 -0.027   -45.7522  8.671  250  
      12  2.74e-01  0.376 -45.843145  0.029239  2.20015  0.376  9.322  8.061  9.537  9.9190  5.142 -0.154719 -0.050   -45.8301  3.708  250  
      13  2.67e-01  0.385 -45.818585  0.026241  0.94369  0.246  9.520  9.466  8.319  9.5742  5.536 -0.164794 -0.046   -45.7872  5.829  250  
      14  2.94e-01  0.388 -45.747914  0.032193  4.38104  0.221  8.794  7.947  7.765  8.5776  5.047 -0.132247 -0.022   -45.7534 10.375  250  
      15  2.99e-01  0.402 -45.489818  0.053465 15.58110  0.222  9.952  8.925  9.650 10.2983  5.637 -0.100064 -0.071   -45.8342  5.378  250  
      16  2.86e-01  0.410 -45.649879  0.043803  3.17868  0.434  8.894  7.695  8.533  8.9020  5.022 -0.055185 -0.054   -45.7933  7.780  250  
      17  2.80e-01  0.416 -45.835647  0.023472  1.75390  0.276 10.547  8.510  9.370 10.4700  5.432 -0.147896 -0.070   -45.8209  6.627  250  
      18  2.97e-01  0.407 -45.922294  0.019287  1.09772  0.318 10.319  8.835  8.949 10.3169  5.555 -0.201580 -0.068   -45.8416  4.295  250  
      19  2.92e-01  0.403 -45.849615  0.049167  2.93939  0.256 10.149  9.150  8.744 10.4388  5.054 -0.300504 -0.040   -45.8475  2.582  250  
      20  2.95e-01  0.400 -45.806850  0.021158  1.26994  0.409 10.478  8.755  9.225 10.4781  5.582 -0.245265  0.001   -45.8374  6.070  250  
      21  2.89e-01  0.403 -45.719504  0.021056  2.14379  0.204  9.078  8.399  8.560  9.2517  4.868 -0.142760  0.013   -45.8035  5.748  250  
      22  2.89e-01  0.394 -45.690015  0.025263  3.53593  0.207  9.889  9.590  9.616 10.8702  5.555 -0.264995 -0.038   -45.8322  3.283  250  
      23  2.92e-01  0.397 -45.971196  0.023126  0.64798  0.135  9.395  7.561  8.398  8.4725  4.948 -0.199704 -0.043   -45.7495  8.347  250  
      24  2.93e-01  0.388 -45.842793  0.041259  5.22916  0.265  8.910  8.209  7.894  8.9559  4.810 -0.235357  0.006   -45.7589 10.487  250  
      25  2.96e-01  0.393 -45.726559  0.029619  2.42048  0.287  8.473  8.200  8.008  8.6183  4.695 -0.247764  0.023   -45.6793  7.797  250  
      26  2.90e-01  0.391 -45.768800  0.027452  0.59467  0.191 10.253  8.739  8.960 10.5435  5.365 -0.174274  0.003   -45.8375  5.732  250  
      27  3.01e-01  0.404 -45.805776  0.028795  4.12977  0.281  9.370  8.445  6.841  8.5154  4.906 -0.173087 -0.053   -45.7544 23.402  250  
      28  3.00e-01  0.407 -45.631601  0.045055  2.84243  0.216  9.426  8.328  8.020  9.3780  5.105 -0.210490 -0.003   -45.7589 10.503  250  
      29  3.13e-01  0.418 -45.858913  0.018167  1.58538  0.309  8.275  8.525  7.316  8.6147  4.641 -0.135589 -0.022   -45.7466 10.667  250  
      30  3.09e-01  0.420        --        --           0.134 10.680  8.872  8.748 10.5020  5.717 -0.234101 -0.018   -45.8248  3.494  250  closing
      S walk [traj:2]   83.8s   bragg  8.234   ctr  4.45   c6 -45.350291+-0.049406
      S walk [traj:2]   85.7s   bragg  7.178   ctr  4.28   c6 -45.575770+-0.038857
      S walk [traj:2]   71.5s   bragg  8.978   ctr  4.83   c6 -45.626101+-0.052850
      S walk [traj:2]   97.2s   bragg  9.328   ctr  5.15   c6 -45.692917+-0.039515
      S walk [traj:2]   84.8s   bragg  8.752   ctr  4.95   c6 -45.733211+-0.027291
      S walk [traj:2]   89.1s   bragg  8.802   ctr  4.91   c6 -45.686829+-0.046066
      S walk [traj:2]   87.3s   bragg 10.299   ctr  5.95   c6 -45.826922+-0.023543
      S walk [traj:2]   92.1s   bragg 10.376   ctr  5.27   c6 -45.818387+-0.021213
      S walk [traj:2]   69.5s   bragg  7.715   ctr  4.63   c6 -45.764896+-0.027706
      S walk [traj:2]   88.2s   bragg  9.995   ctr  5.63   c6 -45.838894+-0.018344
      S walk [traj:2]   96.1s   bragg  9.486   ctr  5.20   c6 -45.825054+-0.017945
      S walk [traj:2]   97.3s   bragg  9.536   ctr  5.36   c6 -45.819610+-0.020465
      S walk [traj:2]   75.8s   bragg  8.948   ctr  5.05   c6 -45.740920+-0.029314
      S walk [traj:2]   18.7s   bragg 11.057   ctr  5.74   c6 -45.840827+-0.014945
      S walk [traj:2]   18.7s   bragg  9.595   ctr  5.34   c6 -45.812329+-0.022864
      S walk [traj:2]   18.7s   bragg 10.294   ctr  5.53   c6 -45.856712+-0.010793
      S walk [traj:2]   40.7s   bragg 10.164   ctr  5.75   c6 -45.832502+-0.013993
      S walk [traj:2]   83.0s   bragg  9.468   ctr  5.06   c6 -45.818499+-0.023655
      S walk [traj:2]   84.4s   bragg 10.618   ctr  5.63   c6 -45.840944+-0.017793
      S walk [traj:2]   85.8s   bragg  9.423   ctr  5.42   c6 -45.823636+-0.015152
      S walk [traj:2]   37.3s   bragg 10.924   ctr  5.47   c6 -45.846209+-0.014715
      S walk [traj:2]   40.9s   bragg  9.727   ctr  5.30   c6 -45.816773+-0.015380
      S walk [traj:2]   71.7s   bragg  7.911   ctr  4.74   c6 -45.797280+-0.020777
      S walk [traj:2]   86.0s   bragg 10.027   ctr  5.84   c6 -45.839747+-0.007113
      S walk [traj:2]   90.8s   bragg  9.578   ctr  5.18   c6 -45.817566+-0.029284
      S walk [traj:2]   89.5s   bragg 10.178   ctr  5.65   c6 -45.809510+-0.016460
      S walk [traj:2]   92.1s   bragg 11.109   ctr  5.99   c6 -45.836998+-0.014703
      S walk [traj:2]   91.7s   bragg  9.597   ctr  5.12   c6 -45.806591+-0.021446
      S walk [traj:2]   90.7s   bragg  9.542   ctr  5.19   c6 -45.832782+-0.014454
      S walk [traj:2]   90.5s   bragg 10.780   ctr  5.65   c6 -45.807448+-0.035997

  arm joint  tag traj  idx 2  rng_seed 2  [2483s]
    c6: 3.032e-14 -> 1.336e-01 (first update) -> 2.977e-01 (closing)

    rows (joint, traj, idx 2)
       t   C6        nbar   E/ne       +-        |f|      |dv|    S(G1)  S(G2)  S(G3)  bragg    ctr   reg(g1)     id     E_walk+-   tau   n
       0  3.03e-14  0.350 -44.932287  0.206705 62.01046         6.135  5.975  6.412  6.7886  3.911 -0.025378 -0.047   -44.7288  6.193  250  
       1  1.34e-01  0.348 -45.724880  0.111663 17.48419  0.582  7.944  6.794  7.441  8.2339  4.455 -0.089798  0.017   -45.3503  2.962  250  
       2  1.78e-01  0.345 -45.644716  0.085554 11.41477  0.467  6.862  6.762  7.618  7.1782  4.282 -0.089374 -0.039   -45.5758  3.534  250  
       3  1.90e-01  0.350 -45.852855  0.082955 12.36782  0.275  8.762  7.612  7.462  8.9780  4.829 -0.093157 -0.010   -45.6261  5.440  250  
       4  2.13e-01  0.394 -45.594052  0.045950  5.79837  0.491  8.677  8.413  8.322  9.3283  5.155 -0.023397 -0.019   -45.6929  7.586  250  
       5  2.13e-01  0.389 -45.481248  0.086751 15.16837  0.172  8.162  8.437  8.505  8.7519  4.948 +0.002936 -0.048   -45.7332  4.379  250  
       6  2.25e-01  0.395 -45.561787  0.033259  3.08394  0.404  8.386  8.115  7.849  8.8017  4.912 -0.023638 -0.019   -45.6868  9.487  250  
       7  2.20e-01  0.389 -45.120629  0.074587 14.13768  0.348 10.123  9.889  8.793 10.2986  5.951 -0.098834 -0.073   -45.8269  5.946  250  
       8  2.14e-01  0.385 -45.567224  0.053206  8.42396  0.173 10.019  8.339  9.458 10.3764  5.272 -0.004527 -0.075   -45.8184  4.524  250  
       9  2.26e-01  0.380 -45.739776  0.036192  1.41259  0.433  7.749  7.641  6.873  7.7152  4.625 +0.033718 -0.102   -45.7649  5.590  250  
      10  2.26e-01  0.388 -45.567388  0.043082  5.14731  0.447  9.573  9.553  8.756  9.9951  5.634 -0.082282 -0.017   -45.8389  5.053  250  
      11  2.27e-01  0.392 -45.787350  0.024024  1.36962  0.430  8.799  8.995  9.090  9.4857  5.202 -0.034990 -0.070   -45.8251  4.798  250  
      12  2.12e-01  0.405 -45.596941  0.022596  0.76498  0.351  8.812  8.855  9.142  9.5361  5.356 -0.016128 -0.079   -45.8196  6.477  250  
      13  2.23e-01  0.405 -45.574899  0.047778  4.28525  0.334  8.357  8.469  8.594  8.9482  5.048 -0.164100 -0.056   -45.7409  8.462  250  
      14  2.44e-01  0.388 -45.898964  0.026754  1.56410  0.309  9.565  9.700 10.213 11.0571  5.741 -0.096684 -0.083   -45.8408  4.029  250  
      15  2.62e-01  0.389 -45.821767  0.040355  4.67439  0.306  8.749  8.171  9.079  9.5953  5.344 -0.061637 -0.048   -45.8123  5.208  250  
      16  2.62e-01  0.387 -45.747048  0.034749  6.21161  0.216  9.529  9.253  9.810 10.2943  5.530 -0.022296 -0.054   -45.8567  2.567  250  
      17  2.73e-01  0.390 -45.756147  0.034086  1.89642  0.244 10.006  9.167  8.802 10.1640  5.749 -0.070359 -0.048   -45.8325  3.366  250  
      18  2.79e-01  0.383 -45.784127  0.029171  2.79231  0.285  8.954  8.164  8.886  9.4676  5.063 +0.089529 -0.042   -45.8185  8.586  250  
      19  2.77e-01  0.388 -45.813094  0.022687  2.08566  0.200  9.680 10.560  9.608 10.6183  5.633 -0.039123 -0.037   -45.8409  5.952  250  
      20  2.80e-01  0.388 -45.898528  0.026864  1.45933  0.187  9.207  8.830  8.580  9.4232  5.419 -0.117800 -0.028   -45.8236  4.312  250  
      21  2.62e-01  0.385 -45.771910  0.030782  1.91043  0.301  9.825  9.537  9.369 10.9240  5.469 -0.085702 -0.042   -45.8462  4.554  250  
      22  2.76e-01  0.380 -45.847901  0.021837  1.39170  0.227  9.118  8.552  9.528  9.7266  5.295 -0.010416 -0.040   -45.8168  4.199  250  
      23  2.74e-01  0.388 -45.896997  0.032824  1.61740  0.150  7.518  8.295  7.925  7.9108  4.738 -0.103213 -0.034   -45.7973  6.320  250  
      24  2.96e-01  0.399 -45.889528  0.019247  0.74642  0.277  9.345  9.202  9.645 10.0274  5.839 +0.043450 -0.070   -45.8397  1.876  250  
      25  2.83e-01  0.398 -45.793494  0.039320  2.50825  0.201  9.551  9.026  8.200  9.5783  5.176 -0.092064 -0.042   -45.8176 10.791  250  
      26  3.00e-01  0.408 -45.790601  0.039711  4.10231  0.285 10.057  8.982  8.724 10.1777  5.652 +0.035742 -0.055   -45.8095  4.565  250  
      27  2.99e-01  0.415 -45.879603  0.022411  1.75826  0.216 10.577  9.608  9.746 11.1091  5.992 +0.033461 -0.040   -45.8370  4.494  250  
      28  2.97e-01  0.420 -45.823876  0.028904  1.73086  0.179  8.346  9.259  9.011  9.5972  5.119 -0.063679 -0.039   -45.8066  7.508  250  
      29  2.97e-01  0.417 -45.762789  0.023830  1.71467  0.210  9.374  9.060  8.645  9.5418  5.189 +0.029543 -0.022   -45.8328  4.315  250  
      30  2.98e-01  0.422        --        --           0.149 10.334  9.488  8.860 10.7803  5.649 -0.111844 -0.004   -45.8074 15.442  250  closing

  |f| at t = 0: 3.744e+01, 2.060e+01, 6.201e+01   -> seed-to-seed floor 2.082e+01  (every seed starts from the SAME theta0, so this scatter IS the floor)

  t = 0 floors (every joint arm starts from the SAME state):
    S_G1                     mean 6.13468   sd 0.000e+00   (0.00% of the mean)
    S_G2                     mean 5.97494   sd 1.088e-15   (0.00% of the mean)
    S_G3                     mean 6.41189   sd 0.000e+00   (0.00% of the mean)
    bragg_ratio              mean 6.78856   sd 0.000e+00   (0.00% of the mean)
    site_midpoint_contrast   mean 3.91118   sd 0.000e+00   (0.00% of the mean)
    c6_residual              mean 3.03157e-14   sd 0.000e+00
    -> the seed's OWN S split is 0.437 against a single-family floor of 0.000: a later split must clear 0.000 before it is a finding.

  VERDICT arm=joint tag=traj idx=0: Stage A = CRYSTAL   Stage B = DRIFT_SETTLED
    Stage A: bragg 9.479 >= 3x 1.109 and contrast 5.30 >= 2: the crystal survived, so C6 is measuring symmetry
    Stage B: c6_0 = 3.032e-14, peak = 3.421e-01 at t = 25, closing = 3.359e-01, turned over = True

  VERDICT arm=joint tag=traj idx=1: Stage A = CRYSTAL   Stage B = DRIFT_SETTLED
    Stage A: bragg 10.502 >= 3x 1.109 and contrast 5.72 >= 2: the crystal survived, so C6 is measuring symmetry
    Stage B: c6_0 = 3.032e-14, peak = 3.126e-01 at t = 29, closing = 3.087e-01, turned over = True

  VERDICT arm=joint tag=traj idx=2: Stage A = CRYSTAL   Stage B = DRIFT_SETTLED
    Stage A: bragg 10.780 >= 3x 1.109 and contrast 5.65 >= 2: the crystal survived, so C6 is measuring symmetry
    Stage B: c6_0 = 3.032e-14, peak = 2.996e-01 at t = 26, closing = 2.977e-01, turned over = True

  wrote results\phase_competition_2\c6_trajectory\N36__ll_rotation__quick__rs90__nmax1__steps30__nsweep40\trajectory.json
  wrote results\phase_competition_2\c6_trajectory\N36__ll_rotation__quick__rs90__nmax1__steps30__nsweep40\run_metadata.json
  wrote figures\phase_competition_2\c6_trajectory\N36__ll_rotation__quick__rs90__nmax1__steps30__nsweep40\c6_trajectory.png
