frozen store : E:\physics notes\condensed matter physics\quantum neural network\_diag\ckpt_rebuild
RS = 75.0   kappa legacy 53.033   kappa clean 53.033008588991
building the notebook namespace against a WORKING COPY

  cell   2 done in     0.6s (total     0.6s)
  cell   4 done in     0.0s (total     0.6s)
  cell   6 done in     0.1s (total     0.7s)
  cell   8 done in     0.2s (total     0.9s)
  cell  10 done in    82.2s (total    83.1s)
  cell  12 done in     0.0s (total    83.1s)
  cell  14 done in     1.4s (total    84.5s)
  cell  16 done in     0.0s (total    84.6s)
  cell  18 done in     0.2s (total    84.7s)
  cell  20 done in     0.9s (total    85.6s)
  cell  22 done in     0.1s (total    85.7s)
  cell  24 done in     0.6s (total    86.3s)
  cell  26 done in     0.7s (total    87.0s)
  cell  28 done in     2.9s (total    89.9s)
  cell  30 done in    10.4s (total   100.3s)
  cell  31 done in   110.5s (total   210.8s)
  cell  33 done in     1.5s (total   212.3s)
  cell  35 done in     0.0s (total   212.3s)
  cell  38 done in     0.8s (total   213.1s)
  cell  39 done in     1.5s (total   214.6s)
  cell  41 done in     0.0s (total   214.6s)
  cell  43 done in     0.0s (total   214.6s)
  cell  44 done in     0.0s (total   214.6s)
  cell  46 done in     0.0s (total   214.7s)
  cell  47 done in     0.9s (total   215.6s)
  cell  49 done in     1.1s (total   216.7s)
  cell  52 done in   278.6s (total   495.3s)
  cell  61 done in     0.0s (total   495.3s)
  cell  62 done in     3.4s (total   498.7s)
  cell  76 done in   292.1s (total   790.9s)
  cell  78 done in     5.0s (total   795.8s)
  cell  80 done in   228.0s (total  1023.8s)
  cell  82 done in    19.9s (total  1043.7s)
namespace built in 1043.7s

KAPPAS = [ 2.  4.  8. 16. 24. 32. 40. 48. 64. 80.]
L0_GRID_J = [0.3  0.4  0.45 0.5  0.6  0.7  0.8 ]
_L0S (--seeds 5) = [0.3, 0.45, 0.5, 0.6, 0.8]   nearest kappa to 53.033 = 48.0

[cache HIT  ] jastrow_crystal_k53.033   saved 1002.2 min ago -- skipping the computation
[cache STALE] jastrow_crystal_k53.033   parameters changed -> recomputing
[cache SAVE ] jastrow_crystal_k53.033   computed in 127.0s
[cache STALE] jastrow_crystal_k53.033   parameters changed -> recomputing
[cache SAVE ] jastrow_crystal_k53.033   computed in 107.7s
[cache STALE] jastrow_crystal_k53.033   parameters changed -> recomputing
[cache SAVE ] jastrow_crystal_k53.033   computed in 92.3s
[cache STALE] jastrow_crystal_k53.033   parameters changed -> recomputing
[cache SAVE ] jastrow_crystal_k53.033   computed in 89.8s
[cache STALE] jastrow_crystal_k53.033   parameters changed -> recomputing
[cache SAVE ] jastrow_crystal_k53.033   computed in 72.7s
[cache STALE] jastrow_crystal_k53.033   parameters changed -> recomputing
[cache SAVE ] jastrow_crystal_k53.033   computed in 29.9s
[cache STALE] jastrow_crystal_k53.033   parameters changed -> recomputing
[cache SAVE ] jastrow_crystal_k53.033   computed in 23.2s
[cache STALE] jastrow_crystal_k53.033   parameters changed -> recomputing
[cache SAVE ] jastrow_crystal_k53.033   computed in 114.3s
[cache STALE] jastrow_crystal_k53.033   parameters changed -> recomputing
[cache SAVE ] jastrow_crystal_k53.033   computed in 72.1s

==============================================================================
  seed s2   L0 = 0.5
==============================================================================
  [geometry] |L1| (simulation supercell)                    16.161284245063182
  [geometry] |A1| (primitive)                               2.693547374177197
  [geometry] CToCart == column_stack([A1, A2])              True
  [geometry] _llb8B class attrs                             ['a_cart', 'cart_to_lat', 'lat_to_cart', 'mesh', 'n_max', 'na', 'nk', 'phase_a']
  [geometry] _llb8B.a_cart                                  [121, 2]
  [geometry] _llb8B.nk                                      36
  [geometry] _llb8B.n_max                                   8
  [geometry] _lints8 #vectors (Gaussian-overlap lattice)    13
  [geometry] LUMAX                                          30.0
  [geometry] LUMAX_LL                                       16.0
  [geometry] NMAX_STAGE_B                                   2
  [c0]     legacy kappa 53.033   c0[0] = -8.360016356465e+00   HIT -- the frozen bytes were returned
           clean  kappa 53.033008588991  c0[0] = -8.360016356465e+00
           max|c0_legacy - c0_clean| = 0.000e+00   (c0 scale 8.360016 -> relative 0.000e+00)   bit-identical? True
  [O_ov]   shape [36, 2]   bit-identical across kappa? True
  [v0]     max|dv0| = 0.000e+00   bit-identical across kappa? True
  [th0]    len 77 = 5 + 2*36*1   bit-identical? True
  [digest] legacy kappa -> b0e13b26
           clean  kappa -> b0e13b26
           frozen       -> eba63d0f   [v1|LLROT|ne36|LU16|nb2|k53.033|s120|w400|sn4|sd2|seedp1conv2|scnone|ieba63d0f]
           LEGACY matches frozen: False     CLEAN matches frozen: False

==============================================================================
  seed s0   L0 = 0.3
==============================================================================
  [c0]     legacy kappa 53.033   c0[0] = -6.560541655331e+00
           clean  kappa 53.033008588991  c0[0] = -6.560542609097e+00
           max|c0_legacy - c0_clean| = 9.538e-07   (c0 scale 6.560542 -> relative 1.454e-07)   bit-identical? False
  [O_ov]   shape [36, 2]   bit-identical across kappa? True
  [v0]     max|dv0| = 0.000e+00   bit-identical across kappa? True
  [th0]    len 77 = 5 + 2*36*1   bit-identical? False
  [digest] legacy kappa -> cadd5d6a
           clean  kappa -> 4380bceb
           frozen       -> cadd5d6a   [v1|LLROT|ne36|LU16|nb2|k53.033|s120|w400|sn4|sd0|seedp1conv0|scnone|icadd5d6a]
           LEGACY matches frozen: True     CLEAN matches frozen: False

==============================================================================
  seed s1   L0 = 0.45
==============================================================================
  [c0]     legacy kappa 53.033   c0[0] = -8.056761084779e+00
           clean  kappa 53.033008588991  c0[0] = -8.056762171935e+00
           max|c0_legacy - c0_clean| = 1.087e-06   (c0 scale 8.056761 -> relative 1.349e-07)   bit-identical? False
  [O_ov]   shape [36, 2]   bit-identical across kappa? True
  [v0]     max|dv0| = 0.000e+00   bit-identical across kappa? True
  [th0]    len 77 = 5 + 2*36*1   bit-identical? False
  [digest] legacy kappa -> 46d9bf1e
           clean  kappa -> 5c12cfbe
           frozen       -> 46d9bf1e   [v1|LLROT|ne36|LU16|nb2|k53.033|s120|w400|sn4|sd1|seedp1conv1|scnone|i46d9bf1e]
           LEGACY matches frozen: True     CLEAN matches frozen: False

==============================================================================
  seed s3   L0 = 0.6
==============================================================================
  [c0]     legacy kappa 53.033   c0[0] = -9.274507374158e+00
           clean  kappa 53.033008588991  c0[0] = -9.274508570689e+00
           max|c0_legacy - c0_clean| = 1.197e-06   (c0 scale 9.274507 -> relative 1.290e-07)   bit-identical? False
  [O_ov]   shape [36, 2]   bit-identical across kappa? True
  [v0]     max|dv0| = 0.000e+00   bit-identical across kappa? True
  [th0]    len 77 = 5 + 2*36*1   bit-identical? False
  [digest] legacy kappa -> 7f284e09
           clean  kappa -> b9d3cf7e
           frozen       -> 7f284e09   [v1|LLROT|ne36|LU16|nb2|k53.033|s120|w400|sn4|sd3|seedp1conv3|scnone|i7f284e09]
           LEGACY matches frozen: True     CLEAN matches frozen: False

==============================================================================
  seed s4   L0 = 0.8
==============================================================================
  [c0]     legacy kappa 53.033   c0[0] = -9.837301961029e+00
           clean  kappa 53.033008588991  c0[0] = -9.837303166210e+00
           max|c0_legacy - c0_clean| = 1.205e-06   (c0 scale 9.837302 -> relative 1.225e-07)   bit-identical? False
  [O_ov]   shape [36, 2]   bit-identical across kappa? True
  [v0]     max|dv0| = 0.000e+00   bit-identical across kappa? True
  [th0]    len 77 = 5 + 2*36*1   bit-identical? False
  [digest] legacy kappa -> 6d38078f
           clean  kappa -> 186d86ff
           frozen       -> ABSENT (no .meta in the frozen store)

wrote E:\physics notes\condensed matter physics\quantum neural network\wigner_vmc_clean\logs\diag_init_layers.json
frozen tree: UNCHANGED -- the guard verified it on exit
