##############################################################################
#  Blocker B / B2 + B3 -- one namespace build, both measurements
##############################################################################
#  frozen store (read-only) E:\physics notes\condensed matter physics\quantum neural network\_diag\ckpt_rebuild
#  kappa legacy 53.033   kappa clean 53.033008588991
#  building the notebook namespace against a WORKING COPY

  cell   2 done in     0.3s (total     0.3s)
  cell   4 done in     0.0s (total     0.3s)
  cell   6 done in     0.0s (total     0.4s)
  cell   8 done in     0.0s (total     0.4s)
  cell  10 done in    51.1s (total    51.5s)
  cell  12 done in     0.0s (total    51.5s)
  cell  14 done in     0.3s (total    51.7s)
  cell  16 done in     0.0s (total    51.7s)
  cell  18 done in     0.0s (total    51.8s)
  cell  20 done in     0.2s (total    51.9s)
  cell  22 done in     0.0s (total    51.9s)
  cell  24 done in     0.1s (total    52.0s)
  cell  26 done in     0.2s (total    52.2s)
  cell  28 done in     0.7s (total    52.9s)
  cell  30 done in     2.8s (total    55.7s)
  cell  31 done in    65.5s (total   121.2s)
  cell  33 done in     1.1s (total   122.3s)
  cell  35 done in     0.0s (total   122.3s)
  cell  38 done in     0.7s (total   123.0s)
  cell  39 done in     1.3s (total   124.4s)
  cell  41 done in     0.0s (total   124.4s)
  cell  43 done in     0.0s (total   124.4s)
  cell  44 done in     0.0s (total   124.4s)
  cell  46 done in     0.0s (total   124.4s)
  cell  47 done in     0.8s (total   125.2s)
  cell  49 done in     1.2s (total   126.4s)
  cell  52 done in   298.7s (total   425.1s)
  cell  61 done in     0.0s (total   425.1s)
  cell  62 done in    15.0s (total   440.1s)
  cell  76 done in   374.4s (total   814.5s)
  cell  78 done in     3.9s (total   818.4s)
  cell  80 done in   242.3s (total  1060.6s)
  cell  82 done in     4.5s (total  1065.1s)
namespace built in 1065.1s

==============================================================================
  PART 1 / B2-B3 -- is c0 a function of kappa alone?
==============================================================================
  L0_GRID_J = [0.3  0.4  0.45 0.5  0.6  0.7  0.8 ]
  _L0S (--seeds 5) = [0.3, 0.45, 0.5, 0.6, 0.8]    nearest kappa = 48.0

[cache MISS ] jastrow_crystal_k53.033   -- computing
[cache SAVE ] jastrow_crystal_k53.033   computed in 82.0s
[cache MISS ] jastrow_crystal_k53.033   -- computing
[cache SAVE ] jastrow_crystal_k53.033   computed in 29.2s
  s0  L0 = 0.3   ========================================================
       purged before the call: tag 'v1|ne36|LU30|J5|crystal|k53.033|L0.5|st8|n150|sig0.3|w-7.49|sr1'  pkl bcf2d6dd768648d2
       c0 legacy k 53.033   [-6.560541655331182e+00 ...]
       c0 clean  k 53.033008588991 [-6.560542609097172e+00 ...]
       max|c0_legacy - c0_clean| = 9.538e-07   relative 1.454e-07   bit-identical? False
       digest legacy cadd5d6a     clean 4380bceb
       frozen        cadd5d6a   [llcryst_nb2_k53.033_p1conv0 / p1fast0]
       LEGACY matches frozen: True     CLEAN matches frozen: False

[cache MISS ] jastrow_crystal_k53.033   -- computing
[cache SAVE ] jastrow_crystal_k53.033   computed in 113.8s
[cache MISS ] jastrow_crystal_k53.033   -- computing
[cache SAVE ] jastrow_crystal_k53.033   computed in 105.7s
  s1  L0 = 0.45  ========================================================
       purged before the call: tag 'v1|ne36|LU30|J5|crystal|k53.033|L0.3|st8|n150|sig0.3|w-7.49|sr1'  pkl 1d63eb5191650ef6
       c0 legacy k 53.033   [-8.056761084778595e+00 ...]
       c0 clean  k 53.033008588991 [-8.056762171934531e+00 ...]
       max|c0_legacy - c0_clean| = 1.087e-06   relative 1.349e-07   bit-identical? False
       digest legacy 46d9bf1e     clean 5c12cfbe
       frozen        46d9bf1e   [llcryst_nb2_k53.033_p1conv1]
       LEGACY matches frozen: True     CLEAN matches frozen: False

[cache MISS ] jastrow_crystal_k53.033   -- computing
[cache SAVE ] jastrow_crystal_k53.033   computed in 20.3s
[cache MISS ] jastrow_crystal_k53.033   -- computing
[cache SAVE ] jastrow_crystal_k53.033   computed in 20.2s
  s2  L0 = 0.5   ========================================================
       purged before the call: tag 'v1|ne36|LU30|J5|crystal|k53.033|L0.45|st8|n150|sig0.3|w-7.49|sr1'  pkl 13454fbae6f2d2fd
       c0 legacy k 53.033   [-8.360015277214830e+00 ...]
       c0 clean  k 53.033008588991 [-8.360016356465483e+00 ...]
       max|c0_legacy - c0_clean| = 1.079e-06   relative 1.291e-07   bit-identical? False
       digest legacy eba63d0f     clean b0e13b26
       frozen        eba63d0f   [llcryst_nb2_k53.033_p1conv2]
       LEGACY matches frozen: True     CLEAN matches frozen: False

[cache MISS ] jastrow_crystal_k53.033   -- computing
[cache SAVE ] jastrow_crystal_k53.033   computed in 20.2s
[cache MISS ] jastrow_crystal_k53.033   -- computing
[cache SAVE ] jastrow_crystal_k53.033   computed in 20.3s
  s3  L0 = 0.6   ========================================================
       purged before the call: tag 'v1|ne36|LU30|J5|crystal|k53.033|L0.5|st8|n150|sig0.3|w-7.49|sr1'  pkl bcf2d6dd768648d2
       c0 legacy k 53.033   [-9.274507374158489e+00 ...]
       c0 clean  k 53.033008588991 [-9.274508570688692e+00 ...]
       max|c0_legacy - c0_clean| = 1.197e-06   relative 1.290e-07   bit-identical? False
       digest legacy 7f284e09     clean b9d3cf7e
       frozen        7f284e09   [llcryst_nb2_k53.033_p1conv3]
       LEGACY matches frozen: True     CLEAN matches frozen: False

[cache MISS ] jastrow_crystal_k53.033   -- computing
[cache SAVE ] jastrow_crystal_k53.033   computed in 20.0s
[cache MISS ] jastrow_crystal_k53.033   -- computing
[cache SAVE ] jastrow_crystal_k53.033   computed in 20.0s
  s4  L0 = 0.8   ========================================================
       purged before the call: tag 'v1|ne36|LU30|J5|crystal|k53.033|L0.6|st8|n150|sig0.3|w-7.49|sr1'  pkl e14c47dd31068323
       c0 legacy k 53.033   [-9.837301961029251e+00 ...]
       c0 clean  k 53.033008588991 [-9.837303166210448e+00 ...]
       max|c0_legacy - c0_clean| = 1.205e-06   relative 1.225e-07   bit-identical? False
       digest legacy 6d38078f     clean 186d86ff
       frozen        6d38078f   [llcryst_nb2_k53.033_p1fast1 / p1conv4 (%TEMP%)]
       LEGACY matches frozen: True     CLEAN matches frozen: False
       VALUE ORACLE (%TEMP% pkl sha 951d1440a9b87178, L0=0.8):
         c_legacy bit-identical to the untouched campaign pkl? True   max|d| = 0.000e+00
         c_clean  vs that same oracle: max|d| = 1.205e-06

==============================================================================
  legacy kappa reproduces the frozen digest : 5 / 5 seeds with an oracle
  clean  kappa reproduces the frozen digest : 0 / 5
  c0 bit-identical across kappa             : 0 / 5   (False expected -- this is the divergence)
  L0=0.8 c0 bit-identical to the independent %TEMP% pkl : True
==============================================================================

==============================================================================
  PART 2 -- pkl-byte identity: which kappa wrote the frozen files?
==============================================================================
  A. curated pre-incident      (L0=0.6)
      target pkl  sha256 680d52e685a6cc7e883282699da6c2bb00c780ba7b96ab8d8996f44470a24d6c
      target meta sha256 56480d7fd45b037ecc0f931cd1c20dbe2648c908248be63e47e2f235bbf059a2
      target meta tag    v1|ne36|LU30|J5|crystal|k53.033|L0.6|st8|n150|sig0.3|w-7.49|sr1
      source: incident_20261002/LEGACY_MANIFEST.pre_incident.json
      warm base J_OPT[('crystal', 48)] = [-6.780596, -2.117736, -0.948682, -0.02326, -0.22603]
[cache MISS ] jastrow_crystal_k53.033   -- computing
[cache SAVE ] jastrow_crystal_k53.033   computed in 20.1s
      k 53.033000000000     campaign rounded kappa           pkl 680d52e685a6cc7e  meta 56480d7fd45b037e   <<<< BYTE-EXACT (pkl AND meta)
[cache MISS ] jastrow_crystal_k53.033   -- computing
[cache SAVE ] jastrow_crystal_k53.033   computed in 20.1s
      k 53.033008588991     physical kappa (tag-invisible)   pkl e14c47dd31068323  meta 56480d7fd45b037e   <<<  meta byte-exact, pkl differs
      -> byte-exact at: k=53.033000000000 (campaign rounded kappa)

  B. %TEMP%, incident-UNTOUCHED (L0=0.8)
      target pkl  sha256 951d1440a9b87178f7d87757695161d63a041d3186d22a47e79a032642708540
      target meta sha256 2062be9ff013d6cb5a803c663577b3d397ab0627dc5a80c842cb24bbbe329841
      target meta tag    v1|ne36|LU30|J5|crystal|k53.033|L0.8|st8|n150|sig0.3|w-7.49|sr1
      source: %TEMP%/qhvmc_checkpoints (sha unchanged since the pre-incident manifest)
      warm base J_OPT[('crystal', 48)] = [-6.780596, -2.117736, -0.948682, -0.02326, -0.22603]
[cache MISS ] jastrow_crystal_k53.033   -- computing
[cache SAVE ] jastrow_crystal_k53.033   computed in 20.4s
      k 53.033000000000     campaign rounded kappa           pkl 951d1440a9b87178  meta 2062be9ff013d6cb   <<<< BYTE-EXACT (pkl AND meta)
[cache MISS ] jastrow_crystal_k53.033   -- computing
[cache SAVE ] jastrow_crystal_k53.033   computed in 20.2s
      k 53.033008588991     physical kappa (tag-invisible)   pkl f4d1f4f42e1aebe1  meta 2062be9ff013d6cb   <<<  meta byte-exact, pkl differs
      -> byte-exact at: k=53.033000000000 (campaign rounded kappa)

  C. curated LIQUID, L0=None -- kappa is the ONLY hidden input
      target pkl  sha256 973574421e14ac3331d8659e17bf3924a1765d6639431eb582fd21575298ac9e
      target meta sha256 38ff3e6e209dcb88d600a71c5f5abeea7cd888a2cf0c1ada938cd0faa79a5c17
      target meta tag    v1|ne36|LU30|J5|liquid|k53.033|L--|st8|n150|sig0.4|w-12.38|sr1
      source: incident_20261002/LEGACY_MANIFEST.pre_incident.json (sha unchanged on disk)
      warm base J_OPT[('liquid', 48)] = [-11.209207, -6.220021, -2.586422, -1.428852, -0.473259]
[cache MISS ] jastrow_liquid_k53.033   -- computing
[cache SAVE ] jastrow_liquid_k53.033   computed in 84.3s
      k 53.033000000000     campaign rounded kappa           pkl 973574421e14ac33  meta 38ff3e6e209dcb88   <<<< BYTE-EXACT (pkl AND meta)
[cache MISS ] jastrow_liquid_k53.033   -- computing
[cache SAVE ] jastrow_liquid_k53.033   computed in 84.2s
      k 53.033008588991     physical kappa (tag-invisible)   pkl edc4475ce0176e8b  meta 38ff3e6e209dcb88   <<<  meta byte-exact, pkl differs
      -> byte-exact at: k=53.033000000000 (campaign rounded kappa)

==============================================================================
  RESOLVED  A. curated pre-incident      (L0=0.6)
            was written at LEGACY (53.033) kappa = 53.033000000000
  RESOLVED  B. %TEMP%, incident-UNTOUCHED (L0=0.8)
            was written at LEGACY (53.033) kappa = 53.033000000000
  RESOLVED  C. curated LIQUID, L0=None -- kappa is the ONLY hidden input
            was written at LEGACY (53.033) kappa = 53.033000000000
==============================================================================
  wrote E:\physics notes\condensed matter physics\quantum neural network\wigner_vmc_clean\logs\diag_c0_kappa.json
  wrote E:\physics notes\condensed matter physics\quantum neural network\wigner_vmc_clean\logs\diag_incident_pkl_sha.json

  frozen tree: UNCHANGED -- the guard verified it on exit
  exit codes: B2-B3 0   pkl-byte 0
